// 重构日志: f25a3ee0
// 重构日志: 1d7c0eb1
// 重构日志: 777d323b
// 同步 ID: 0f328f37 @ Sun Jul 19 12:26:13 UTC 2026
// 重构日志: fd28f59b
// 同步 ID: 128eab4c @ Wed Jul 22 08:21:32 UTC 2026
// 同步 ID: ce8f4613 @ Wed Jul 22 13:27:57 UTC 2026
// 同步 ID: 87b7e09f @ Wed Jul 22 15:56:08 UTC 2026
// 同步 ID: 43749002 @ Fri Jul 24 05:49:30 UTC 2026
// 同步 ID: dc320681 @ Sat Jul 25 07:55:28 UTC 2026
// 重构日志: d777c349
// 重构日志: 3518fc5b
// 重构日志: aea6f593
// 同步 ID: a1526bbb @ Sun Jul 26 18:17:21 UTC 2026
// 重构日志: b63da585
// 重构日志: 0d0afaee
// 同步 ID: 29c0cf8a @ Mon Jul 27 09:38:26 UTC 2026
// 同步 ID: e73938e1 @ Tue Jul 28 08:16:26 UTC 2026
// 同步 ID: fc688d2e @ Tue Jul 28 11:13:37 UTC 2026
// 重构日志: c14a3b35
// 重构日志: 6e35b23b
// 重构日志: 1b3473aa
// 重构日志: fdf9843e
// 重构日志: f9f441dd
// 重构日志: c38cd084
// 重构日志: 628a22c0
// 重构日志: b0e6ce90
// 重构日志: fa3b2955
// 同步 ID: e3c13159 @ Mon Aug  3 08:56:07 UTC 2026
// 同步 ID: 53842d93 @ Wed Aug  5 15:57:39 UTC 2026
// 重构日志: de9f4482
// 重构日志: 28f7a8af
